// Jest Snapshot v1, https://goo.gl/fbAQLP

exports[`Component: Home page render the component 1`] = `
Object {
  "asFragment": [Function],
  "baseElement": <body>
    <div>
      <header
        class="sc-AykKC bVuHWI"
      >
        <form
          class="sc-AykKF wCUMQ"
        >
          <div
            class="sc-AykKG fEfnIn"
          >
            <input
              class="sc-AykKD iRUOHY"
              data-testid="input-search"
              id="cep"
              mask="11111-111"
              maxlength="9"
              name="cep"
              placeholder="Digite seu CEP"
              size="9"
              value=""
            />
          </div>
          <button
            class="sc-AykKE hBlOvK"
          >
            Buscar
          </button>
        </form>
      </header>
      <main
        class="sc-AykKJ Ijlwq"
      >
        <div
          class="sc-AykKK FCLqI"
        >
          <p
            class="sc-fzXfLO cDaYXS"
          />
          <p />
          <p />
        </div>
        <div>
          Loading...
        </div>
      </main>
    </div>
    <script
      src="https://maps.googleapis.com/maps/api/js?key=AIzaSyA6WLiraDtwQIUCYmhgnFjAam5dI-rPVMA&callback=loaderCB01580792112367&libraries=places&v=3&language=en"
      type="text/javascript"
    />
  </body>,
  "container": <div>
    <header
      class="sc-AykKC bVuHWI"
    >
      <form
        class="sc-AykKF wCUMQ"
      >
        <div
          class="sc-AykKG fEfnIn"
        >
          <input
            class="sc-AykKD iRUOHY"
            data-testid="input-search"
            id="cep"
            mask="11111-111"
            maxlength="9"
            name="cep"
            placeholder="Digite seu CEP"
            size="9"
            value=""
          />
        </div>
        <button
          class="sc-AykKE hBlOvK"
        >
          Buscar
        </button>
      </form>
    </header>
    <main
      class="sc-AykKJ Ijlwq"
    >
      <div
        class="sc-AykKK FCLqI"
      >
        <p
          class="sc-fzXfLO cDaYXS"
        />
        <p />
        <p />
      </div>
      <div>
        Loading...
      </div>
    </main>
  </div>,
  "debug": [Function],
  "findAllByAltText": [Function],
  "findAllByDisplayValue": [Function],
  "findAllByLabelText": [Function],
  "findAllByPlaceholderText": [Function],
  "findAllByRole": [Function],
  "findAllByTestId": [Function],
  "findAllByText": [Function],
  "findAllByTitle": [Function],
  "findByAltText": [Function],
  "findByDisplayValue": [Function],
  "findByLabelText": [Function],
  "findByPlaceholderText": [Function],
  "findByRole": [Function],
  "findByTestId": [Function],
  "findByText": [Function],
  "findByTitle": [Function],
  "getAllByAltText": [Function],
  "getAllByDisplayValue": [Function],
  "getAllByLabelText": [Function],
  "getAllByPlaceholderText": [Function],
  "getAllByRole": [Function],
  "getAllByTestId": [Function],
  "getAllByText": [Function],
  "getAllByTitle": [Function],
  "getByAltText": [Function],
  "getByDisplayValue": [Function],
  "getByLabelText": [Function],
  "getByPlaceholderText": [Function],
  "getByRole": [Function],
  "getByTestId": [Function],
  "getByText": [Function],
  "getByTitle": [Function],
  "queryAllByAltText": [Function],
  "queryAllByDisplayValue": [Function],
  "queryAllByLabelText": [Function],
  "queryAllByPlaceholderText": [Function],
  "queryAllByRole": [Function],
  "queryAllByTestId": [Function],
  "queryAllByText": [Function],
  "queryAllByTitle": [Function],
  "queryByAltText": [Function],
  "queryByDisplayValue": [Function],
  "queryByLabelText": [Function],
  "queryByPlaceholderText": [Function],
  "queryByRole": [Function],
  "queryByTestId": [Function],
  "queryByText": [Function],
  "queryByTitle": [Function],
  "rerender": [Function],
  "unmount": [Function],
}
`;
