// Jest Snapshot v1, https://goo.gl/fbAQLP

exports[`Component: GetAddress render the component 1`] = `
Object {
  "asFragment": [Function],
  "baseElement": <body>
    <div>
      <form
        class="sc-AykKE diVPYj"
      >
        <div
          class="sc-AykKF boDatO"
        >
          <input
            class="sc-AykKC kbTzwD"
            data-testid="input-search"
            id="cep"
            mask="11111-111"
            maxlength="9"
            name="cep"
            placeholder="Digite seu CEP"
            size="9"
            value=""
          />
        </div>
        <button
          class="sc-AykKD kFlWLJ"
        >
          Buscar
        </button>
      </form>
    </div>
  </body>,
  "container": <div>
    <form
      class="sc-AykKE diVPYj"
    >
      <div
        class="sc-AykKF boDatO"
      >
        <input
          class="sc-AykKC kbTzwD"
          data-testid="input-search"
          id="cep"
          mask="11111-111"
          maxlength="9"
          name="cep"
          placeholder="Digite seu CEP"
          size="9"
          value=""
        />
      </div>
      <button
        class="sc-AykKD kFlWLJ"
      >
        Buscar
      </button>
    </form>
  </div>,
  "debug": [Function],
  "findAllByAltText": [Function],
  "findAllByDisplayValue": [Function],
  "findAllByLabelText": [Function],
  "findAllByPlaceholderText": [Function],
  "findAllByRole": [Function],
  "findAllByTestId": [Function],
  "findAllByText": [Function],
  "findAllByTitle": [Function],
  "findByAltText": [Function],
  "findByDisplayValue": [Function],
  "findByLabelText": [Function],
  "findByPlaceholderText": [Function],
  "findByRole": [Function],
  "findByTestId": [Function],
  "findByText": [Function],
  "findByTitle": [Function],
  "getAllByAltText": [Function],
  "getAllByDisplayValue": [Function],
  "getAllByLabelText": [Function],
  "getAllByPlaceholderText": [Function],
  "getAllByRole": [Function],
  "getAllByTestId": [Function],
  "getAllByText": [Function],
  "getAllByTitle": [Function],
  "getByAltText": [Function],
  "getByDisplayValue": [Function],
  "getByLabelText": [Function],
  "getByPlaceholderText": [Function],
  "getByRole": [Function],
  "getByTestId": [Function],
  "getByText": [Function],
  "getByTitle": [Function],
  "queryAllByAltText": [Function],
  "queryAllByDisplayValue": [Function],
  "queryAllByLabelText": [Function],
  "queryAllByPlaceholderText": [Function],
  "queryAllByRole": [Function],
  "queryAllByTestId": [Function],
  "queryAllByText": [Function],
  "queryAllByTitle": [Function],
  "queryByAltText": [Function],
  "queryByDisplayValue": [Function],
  "queryByLabelText": [Function],
  "queryByPlaceholderText": [Function],
  "queryByRole": [Function],
  "queryByTestId": [Function],
  "queryByText": [Function],
  "queryByTitle": [Function],
  "rerender": [Function],
  "unmount": [Function],
}
`;
